// Jest Snapshot v1, https://goo.gl/fbAQLP

exports[`prueba en GifItem evaluar snapshot 1`] = `
<div>
  <div
    class="card"
  >
    <img
      alt="One Punch"
      src="https://onepunch.com/images/12345abdc"
    />
    <p>
      One Punch
    </p>
  </div>
</div>
`;
